// Jest Snapshot v1, https://goo.gl/fbAQLP

exports[`Loader Component renders without crashing 1`] = `
<div>
  <div
    class="flex flex-col items-center justify-center pt-8 "
    role="status"
  >
    <svg
      class="lucide lucide-loader-circle animate-spin animate-pulse text-gray-500"
      fill="none"
      height="50"
      stroke="currentColor"
      stroke-linecap="round"
      stroke-linejoin="round"
      stroke-width="2"
      viewBox="0 0 24 24"
      width="50"
      xmlns="http://www.w3.org/2000/svg"
    >
      <path
        d="M21 12a9 9 0 1 1-6.219-8.56"
      />
    </svg>
  </div>
</div>
`;
