// Jest Snapshot v1, https://goo.gl/fbAQLP

exports[`CustomIcon Component renders the SVG with default size 1`] = `
<div>
  <div
    class="relative"
  >
    <svg
      data-testid="custom-icon"
      height="64"
      viewBox="0 0 100 100"
      width="64"
      xmlns="http://www.w3.org/2000/svg"
    >
      <circle
        cx="50"
        cy="50"
        fill="blue"
        r="40"
      />
    </svg>
  </div>
</div>
`;
