// Jest Snapshot v1, https://goo.gl/fbAQLP

exports[`Header Component should render the title correctly 1`] = `
<div>
  <header
    class="text-white py-4 px-6 md:px-10 flex flex-wrap items-center justify-between"
  >
    <h1
      class="text-xl md:text-2xl font-bold font-secondary flex-shrink-0 "
    >
      Dark Weather
    </h1>
    <nav
      class=" hidden sm:block flex flex-wrap items-center justify-center space-x-6 md:space-x-8 text-center mb-4 md:mb-0"
    >
      <a
        class="text-sm md:text-lg font-light hover:underline"
        href="#"
      >
        Home
      </a>
      <a
        class="text-sm md:text-lg font-light hover:underline"
        href="#"
      >
        Download App
      </a>
      <a
        class="text-sm md:text-lg font-light hover:underline"
        href="#"
      >
        Contact us
      </a>
    </nav>
    <div
      class="flex justify-center"
    >
      <button>
        Sign up
      </button>
    </div>
  </header>
</div>
`;
